Component: Arm Compiler for Embedded 6.19 Tool: armlink [5e73cb00]

==============================================================================

Section Cross References

    led.o(.ARM.exidx.text.led_init) refers to led.o(.text.led_init) for [Anonymous Symbol]
    motorcontrol.o(.ARM.exidx.text.move_forward) refers to motorcontrol.o(.text.move_forward) for [Anonymous Symbol]
    motorcontrol.o(.ARM.exidx.text.move_backward) refers to motorcontrol.o(.text.move_backward) for [Anonymous Symbol]
    motorcontrol.o(.ARM.exidx.text.pivot_left) refers to motorcontrol.o(.text.pivot_left) for [Anonymous Symbol]
    motorcontrol.o(.ARM.exidx.text.pivot_right) refers to motorcontrol.o(.text.pivot_right) for [Anonymous Symbol]
    motorcontrol.o(.ARM.exidx.text.turn_left) refers to motorcontrol.o(.text.turn_left) for [Anonymous Symbol]
    motorcontrol.o(.ARM.exidx.text.turn_right) refers to motorcontrol.o(.text.turn_right) for [Anonymous Symbol]
    motorcontrol.o(.ARM.exidx.text.stop_motors) refers to motorcontrol.o(.text.stop_motors) for [Anonymous Symbol]
    motorsetup.o(.text.motors_init) refers to motorsetup.o(.text.right_motor_init) for right_motor_init
    motorsetup.o(.text.motors_init) refers to motorsetup.o(.text.left_motor_init) for left_motor_init
    motorsetup.o(.text.motors_init) refers to motorsetup.o(.text.motor_direction_init) for motor_direction_init
    motorsetup.o(.ARM.exidx.text.motors_init) refers to motorsetup.o(.text.motors_init) for [Anonymous Symbol]
    motorsetup.o(.ARM.exidx.text.right_motor_init) refers to motorsetup.o(.text.right_motor_init) for [Anonymous Symbol]
    motorsetup.o(.ARM.exidx.text.left_motor_init) refers to motorsetup.o(.text.left_motor_init) for [Anonymous Symbol]
    motorsetup.o(.ARM.exidx.text.motor_direction_init) refers to motorsetup.o(.text.motor_direction_init) for [Anonymous Symbol]
    motorsetup.o(.ARM.exidx.text.pwm_duty) refers to motorsetup.o(.text.pwm_duty) for [Anonymous Symbol]
    motorsetup.o(.text.get_current_duty) refers to motorsetup.o(.bss.currDuty) for currDuty
    motorsetup.o(.ARM.exidx.text.get_current_duty) refers to motorsetup.o(.text.get_current_duty) for [Anonymous Symbol]
    motorsmain.o(.text.main) refers to startup.o(.text) for DisableInterrupts
    motorsmain.o(.text.main) refers to motorsmain.o(.text.system_init) for system_init
    motorsmain.o(.text.main) refers to sensors.o(.text.ReadSensorsFIRFilter) for ReadSensorsFIRFilter
    motorsmain.o(.text.main) refers to sensors.o(.text.convert_to_centimeter) for convert_to_centimeter
    motorsmain.o(.text.main) refers to sensors.o(.text.encode_distance) for encode_distance
    motorsmain.o(.text.main) refers to motorsmain.o(.bss.receivedData) for receivedData
    motorsmain.o(.text.main) refers to spi.o(.text.SPI_receive) for SPI_receive
    motorsmain.o(.text.main) refers to motorsetup.o(.text.pwm_duty) for pwm_duty
    motorsmain.o(.text.main) refers to motorcontrol.o(.text.move_forward) for move_forward
    motorsmain.o(.text.main) refers to motorcontrol.o(.text.move_backward) for move_backward
    motorsmain.o(.text.main) refers to motorcontrol.o(.text.turn_left) for turn_left
    motorsmain.o(.text.main) refers to motorcontrol.o(.text.turn_right) for turn_right
    motorsmain.o(.text.main) refers to motorcontrol.o(.text.pivot_right) for pivot_right
    motorsmain.o(.text.main) refers to motorcontrol.o(.text.pivot_left) for pivot_left
    motorsmain.o(.text.main) refers to motorcontrol.o(.text.stop_motors) for stop_motors
    motorsmain.o(.text.main) refers to spi.o(.text.SPI_transmit_word) for SPI_transmit_word
    motorsmain.o(.ARM.exidx.text.main) refers to motorsmain.o(.text.main) for [Anonymous Symbol]
    motorsmain.o(.text.system_init) refers to motorsetup.o(.text.motors_init) for motors_init
    motorsmain.o(.text.system_init) refers to pll.o(.text.PLL_Init) for PLL_Init
    motorsmain.o(.text.system_init) refers to led.o(.text.led_init) for led_init
    motorsmain.o(.text.system_init) refers to spi.o(.text.SPI_slave_init) for SPI_slave_init
    motorsmain.o(.text.system_init) refers to switches.o(.text.switch_init) for switch_init
    motorsmain.o(.text.system_init) refers to sensors.o(.text.Sensors_Init) for Sensors_Init
    motorsmain.o(.ARM.exidx.text.system_init) refers to motorsmain.o(.text.system_init) for [Anonymous Symbol]
    motorsmain.o(.text.GPIOPortF_Handler) refers to motorsetup.o(.text.pwm_duty) for pwm_duty
    motorsmain.o(.text.GPIOPortF_Handler) refers to motorcontrol.o(.text.stop_motors) for stop_motors
    motorsmain.o(.text.GPIOPortF_Handler) refers to motorcontrol.o(.text.move_forward) for move_forward
    motorsmain.o(.ARM.exidx.text.GPIOPortF_Handler) refers to motorsmain.o(.text.GPIOPortF_Handler) for [Anonymous Symbol]
    pll.o(.ARM.exidx.text.PLL_Init) refers to pll.o(.text.PLL_Init) for [Anonymous Symbol]
    spi.o(.ARM.exidx.text.SPI_slave_init) refers to spi.o(.text.SPI_slave_init) for [Anonymous Symbol]
    spi.o(.ARM.exidx.text.SPI_receive) refers to spi.o(.text.SPI_receive) for [Anonymous Symbol]
    spi.o(.ARM.exidx.text.SPI_transmit_word) refers to spi.o(.text.SPI_transmit_word) for [Anonymous Symbol]
    startup.o(STACK) refers (Special) to heapauxi.o(.text) for __use_two_region_memory
    startup.o(HEAP) refers (Special) to heapauxi.o(.text) for __use_two_region_memory
    startup.o(RESET) refers (Special) to heapauxi.o(.text) for __use_two_region_memory
    startup.o(RESET) refers to startup.o(STACK) for StackMem
    startup.o(RESET) refers to motorsmain.o(.text.GPIOPortF_Handler) for GPIOPortF_Handler
    startup.o(RESET) refers to __main.o(!!!main) for __main
    startup.o(.text) refers (Special) to heapauxi.o(.text) for __use_two_region_memory
    startup.o(.text) refers to startup.o(HEAP) for HeapMem
    startup.o(.text) refers to startup.o(STACK) for StackMem
    switches.o(.ARM.exidx.text.switch_init) refers to switches.o(.text.switch_init) for [Anonymous Symbol]
    sensors.o(.text.convert_to_centimeter) refers to sensors.o(.rodata.distances) for distances
    sensors.o(.text.convert_to_centimeter) refers to fflt_clz.o(x$fpl$fflt) for __aeabi_i2f
    sensors.o(.text.convert_to_centimeter) refers to fdiv.o(x$fpl$fdiv) for __aeabi_fdiv
    sensors.o(.text.convert_to_centimeter) refers to faddsub_clz.o(x$fpl$fsub) for __aeabi_fsub
    sensors.o(.text.convert_to_centimeter) refers to fmul.o(x$fpl$fmul) for __aeabi_fmul
    sensors.o(.text.convert_to_centimeter) refers to faddsub_clz.o(x$fpl$fadd) for __aeabi_fadd
    sensors.o(.text.convert_to_centimeter) refers to ffix.o(x$fpl$ffix) for __aeabi_f2iz
    sensors.o(.ARM.exidx.text.convert_to_centimeter) refers to sensors.o(.text.convert_to_centimeter) for [Anonymous Symbol]
    sensors.o(.ARM.exidx.text.Sensors_Init) refers to sensors.o(.text.Sensors_Init) for [Anonymous Symbol]
    sensors.o(.ARM.exidx.text.Sensors_In) refers to sensors.o(.text.Sensors_In) for [Anonymous Symbol]
    sensors.o(.text.ReadSensorsFIRFilter) refers to sensors.o(.text.Sensors_In) for Sensors_In
    sensors.o(.text.ReadSensorsFIRFilter) refers to sensors.o(.bss.ReadSensorsFIRFilter.ain2previous) for ReadSensorsFIRFilter.ain2previous
    sensors.o(.text.ReadSensorsFIRFilter) refers to sensors.o(.bss.ReadSensorsFIRFilter.ain9previous) for ReadSensorsFIRFilter.ain9previous
    sensors.o(.ARM.exidx.text.ReadSensorsFIRFilter) refers to sensors.o(.text.ReadSensorsFIRFilter) for [Anonymous Symbol]
    sensors.o(.ARM.exidx.text.encode_distance) refers to sensors.o(.text.encode_distance) for [Anonymous Symbol]
    __main.o(!!!main) refers to __rtentry.o(.ARM.Collect$$rtentry$$00000000) for __rt_entry
    faddsub_clz.o(x$fpl$fadd) refers (Special) to usenofp.o(x$fpl$usenofp) for __I$use$fp
    faddsub_clz.o(x$fpl$fadd) refers to faddsub_clz.o(x$fpl$fsub) for _fsub1
    faddsub_clz.o(x$fpl$fadd) refers to fretinf.o(x$fpl$fretinf) for __fpl_fretinf
    faddsub_clz.o(x$fpl$fadd) refers to fnaninf.o(x$fpl$fnaninf) for __fpl_fnaninf
    faddsub_clz.o(x$fpl$frsb) refers (Special) to usenofp.o(x$fpl$usenofp) for __I$use$fp
    faddsub_clz.o(x$fpl$frsb) refers to faddsub_clz.o(x$fpl$fadd) for _fadd1
    faddsub_clz.o(x$fpl$frsb) refers to faddsub_clz.o(x$fpl$fsub) for _fsub1
    faddsub_clz.o(x$fpl$fsub) refers (Special) to usenofp.o(x$fpl$usenofp) for __I$use$fp
    faddsub_clz.o(x$fpl$fsub) refers to faddsub_clz.o(x$fpl$fadd) for _fadd1
    faddsub_clz.o(x$fpl$fsub) refers to fnaninf.o(x$fpl$fnaninf) for __fpl_fnaninf
    fdiv.o(x$fpl$frdiv) refers (Special) to usenofp.o(x$fpl$usenofp) for __I$use$fp
    fdiv.o(x$fpl$frdiv) refers to fdiv.o(x$fpl$fdiv) for _fdiv1
    fdiv.o(x$fpl$fdiv) refers (Special) to usenofp.o(x$fpl$usenofp) for __I$use$fp
    fdiv.o(x$fpl$fdiv) refers to fretinf.o(x$fpl$fretinf) for __fpl_fretinf
    fdiv.o(x$fpl$fdiv) refers to fnaninf.o(x$fpl$fnaninf) for __fpl_fnaninf
    ffix.o(x$fpl$ffix) refers (Special) to usenofp.o(x$fpl$usenofp) for __I$use$fp
    ffix.o(x$fpl$ffix) refers to fnaninf.o(x$fpl$fnaninf) for __fpl_fnaninf
    ffix.o(x$fpl$ffixr) refers (Special) to usenofp.o(x$fpl$usenofp) for __I$use$fp
    ffix.o(x$fpl$ffixr) refers to fnaninf.o(x$fpl$fnaninf) for __fpl_fnaninf
    fflt_clz.o(x$fpl$ffltu) refers (Special) to usenofp.o(x$fpl$usenofp) for __I$use$fp
    fflt_clz.o(x$fpl$fflt) refers (Special) to usenofp.o(x$fpl$usenofp) for __I$use$fp
    fflt_clz.o(x$fpl$ffltn) refers (Special) to usenofp.o(x$fpl$usenofp) for __I$use$fp
    fmul.o(x$fpl$fmul) refers (Special) to usenofp.o(x$fpl$usenofp) for __I$use$fp
    fmul.o(x$fpl$fmul) refers to fretinf.o(x$fpl$fretinf) for __fpl_fretinf
    fmul.o(x$fpl$fmul) refers to fnaninf.o(x$fpl$fnaninf) for __fpl_fnaninf
    __rtentry.o(.ARM.Collect$$rtentry$$00000000) refers (Special) to __rtentry2.o(.ARM.Collect$$rtentry$$0000000A) for __rt_entry_li
    __rtentry.o(.ARM.Collect$$rtentry$$00000000) refers (Special) to __rtentry2.o(.ARM.Collect$$rtentry$$0000000D) for __rt_entry_main
    __rtentry.o(.ARM.Collect$$rtentry$$00000000) refers (Special) to __rtentry2.o(.ARM.Collect$$rtentry$$0000000C) for __rt_entry_postli_1
    __rtentry.o(.ARM.Collect$$rtentry$$00000000) refers (Special) to __rtentry2.o(.ARM.Collect$$rtentry$$00000009) for __rt_entry_postsh_1
    __rtentry.o(.ARM.Collect$$rtentry$$00000000) refers (Special) to __rtentry2.o(.ARM.Collect$$rtentry$$00000002) for __rt_entry_presh_1
    __rtentry.o(.ARM.Collect$$rtentry$$00000000) refers (Special) to __rtentry4.o(.ARM.Collect$$rtentry$$00000004) for __rt_entry_sh
    fnaninf.o(x$fpl$fnaninf) refers (Special) to usenofp.o(x$fpl$usenofp) for __I$use$fp
    fretinf.o(x$fpl$fretinf) refers (Special) to usenofp.o(x$fpl$usenofp) for __I$use$fp
    __rtentry2.o(.ARM.Collect$$rtentry$$00000008) refers to boardinit2.o(.text) for _platform_post_stackheap_init
    __rtentry2.o(.ARM.Collect$$rtentry$$0000000A) refers to libinit.o(.ARM.Collect$$libinit$$00000000) for __rt_lib_init
    __rtentry2.o(.ARM.Collect$$rtentry$$0000000B) refers to boardinit3.o(.text) for _platform_post_lib_init
    __rtentry2.o(.ARM.Collect$$rtentry$$0000000D) refers to motorsmain.o(.text.main) for main
    __rtentry2.o(.ARM.Collect$$rtentry$$0000000D) refers to exit.o(.text) for exit
    __rtentry2.o(.ARM.exidx) refers to __rtentry2.o(.ARM.Collect$$rtentry$$00000001) for .ARM.Collect$$rtentry$$00000001
    __rtentry2.o(.ARM.exidx) refers to __rtentry2.o(.ARM.Collect$$rtentry$$00000008) for .ARM.Collect$$rtentry$$00000008
    __rtentry2.o(.ARM.exidx) refers to __rtentry2.o(.ARM.Collect$$rtentry$$0000000A) for .ARM.Collect$$rtentry$$0000000A
    __rtentry2.o(.ARM.exidx) refers to __rtentry2.o(.ARM.Collect$$rtentry$$0000000B) for .ARM.Collect$$rtentry$$0000000B
    __rtentry2.o(.ARM.exidx) refers to __rtentry2.o(.ARM.Collect$$rtentry$$0000000D) for .ARM.Collect$$rtentry$$0000000D
    __rtentry4.o(.ARM.Collect$$rtentry$$00000004) refers to sys_stackheap_outer.o(.text) for __user_setup_stackheap
    __rtentry4.o(.ARM.exidx) refers to __rtentry4.o(.ARM.Collect$$rtentry$$00000004) for .ARM.Collect$$rtentry$$00000004
    sys_stackheap_outer.o(.text) refers to libspace.o(.text) for __user_perproc_libspace
    sys_stackheap_outer.o(.text) refers to startup.o(.text) for __user_initial_stackheap
    exit.o(.text) refers to rtexit.o(.ARM.Collect$$rtexit$$00000000) for __rt_exit
    libinit.o(.ARM.Collect$$libinit$$00000000) refers (Special) to libinit2.o(.ARM.Collect$$libinit$$00000030) for __rt_lib_init_alloca_1
    libinit.o(.ARM.Collect$$libinit$$00000000) refers (Special) to libinit2.o(.ARM.Collect$$libinit$$0000002E) for __rt_lib_init_argv_1
    libinit.o(.ARM.Collect$$libinit$$00000000) refers (Special) to libinit2.o(.ARM.Collect$$libinit$$0000001D) for __rt_lib_init_atexit_1
    libinit.o(.ARM.Collect$$libinit$$00000000) refers (Special) to libinit2.o(.ARM.Collect$$libinit$$00000023) for __rt_lib_init_clock_1
    libinit.o(.ARM.Collect$$libinit$$00000000) refers (Special) to libinit2.o(.ARM.Collect$$libinit$$00000034) for __rt_lib_init_cpp_1
    libinit.o(.ARM.Collect$$libinit$$00000000) refers (Special) to libinit2.o(.ARM.Collect$$libinit$$00000032) for __rt_lib_init_exceptions_1
    libinit.o(.ARM.Collect$$libinit$$00000000) refers (Special) to libinit2.o(.ARM.Collect$$libinit$$00000002) for __rt_lib_init_fp_1
    libinit.o(.ARM.Collect$$libinit$$00000000) refers (Special) to libinit2.o(.ARM.Collect$$libinit$$00000021) for __rt_lib_init_fp_trap_1
    libinit.o(.ARM.Collect$$libinit$$00000000) refers (Special) to libinit2.o(.ARM.Collect$$libinit$$00000025) for __rt_lib_init_getenv_1
    libinit.o(.ARM.Collect$$libinit$$00000000) refers (Special) to libinit2.o(.ARM.Collect$$libinit$$0000000C) for __rt_lib_init_heap_1
    libinit.o(.ARM.Collect$$libinit$$00000000) refers (Special) to libinit2.o(.ARM.Collect$$libinit$$00000013) for __rt_lib_init_lc_collate_1
    libinit.o(.ARM.Collect$$libinit$$00000000) refers (Special) to libinit2.o(.ARM.Collect$$libinit$$00000015) for __rt_lib_init_lc_ctype_1
    libinit.o(.ARM.Collect$$libinit$$00000000) refers (Special) to libinit2.o(.ARM.Collect$$libinit$$00000017) for __rt_lib_init_lc_monetary_1
    libinit.o(.ARM.Collect$$libinit$$00000000) refers (Special) to libinit2.o(.ARM.Collect$$libinit$$00000019) for __rt_lib_init_lc_numeric_1
    libinit.o(.ARM.Collect$$libinit$$00000000) refers (Special) to libinit2.o(.ARM.Collect$$libinit$$0000001B) for __rt_lib_init_lc_time_1
    libinit.o(.ARM.Collect$$libinit$$00000000) refers (Special) to libinit2.o(.ARM.Collect$$libinit$$00000006) for __rt_lib_init_preinit_1
    libinit.o(.ARM.Collect$$libinit$$00000000) refers (Special) to libinit2.o(.ARM.Collect$$libinit$$00000010) for __rt_lib_init_rand_1
    libinit.o(.ARM.Collect$$libinit$$00000000) refers (Special) to libinit2.o(.ARM.Collect$$libinit$$00000004) for __rt_lib_init_relocate_pie_1
    libinit.o(.ARM.Collect$$libinit$$00000000) refers (Special) to libinit2.o(.ARM.Collect$$libinit$$00000035) for __rt_lib_init_return
    libinit.o(.ARM.Collect$$libinit$$00000000) refers (Special) to libinit2.o(.ARM.Collect$$libinit$$0000001F) for __rt_lib_init_signal_1
    libinit.o(.ARM.Collect$$libinit$$00000000) refers (Special) to libinit2.o(.ARM.Collect$$libinit$$00000027) for __rt_lib_init_stdio_1
    libinit.o(.ARM.Collect$$libinit$$00000000) refers (Special) to libinit2.o(.ARM.Collect$$libinit$$0000000E) for __rt_lib_init_user_alloc_1
    libspace.o(.text) refers to libspace.o(.bss) for __libspace_start
    rtexit.o(.ARM.Collect$$rtexit$$00000000) refers (Special) to rtexit2.o(.ARM.Collect$$rtexit$$00000004) for __rt_exit_exit
    rtexit.o(.ARM.Collect$$rtexit$$00000000) refers (Special) to rtexit2.o(.ARM.Collect$$rtexit$$00000003) for __rt_exit_ls
    rtexit.o(.ARM.Collect$$rtexit$$00000000) refers (Special) to rtexit2.o(.ARM.Collect$$rtexit$$00000002) for __rt_exit_prels_1
    rtexit.o(.ARM.exidx) refers (Special) to rtexit2.o(.ARM.Collect$$rtexit$$00000004) for __rt_exit_exit
    rtexit.o(.ARM.exidx) refers (Special) to rtexit2.o(.ARM.Collect$$rtexit$$00000003) for __rt_exit_ls
    rtexit.o(.ARM.exidx) refers (Special) to rtexit2.o(.ARM.Collect$$rtexit$$00000002) for __rt_exit_prels_1
    rtexit.o(.ARM.exidx) refers to rtexit.o(.ARM.Collect$$rtexit$$00000000) for .ARM.Collect$$rtexit$$00000000
    libinit2.o(.ARM.Collect$$libinit$$00000012) refers to libinit2.o(.ARM.Collect$$libinit$$00000011) for .ARM.Collect$$libinit$$00000011
    libinit2.o(.ARM.Collect$$libinit$$00000014) refers to libinit2.o(.ARM.Collect$$libinit$$00000011) for .ARM.Collect$$libinit$$00000011
    libinit2.o(.ARM.Collect$$libinit$$00000016) refers to libinit2.o(.ARM.Collect$$libinit$$00000011) for .ARM.Collect$$libinit$$00000011
    libinit2.o(.ARM.Collect$$libinit$$00000018) refers to libinit2.o(.ARM.Collect$$libinit$$00000011) for .ARM.Collect$$libinit$$00000011
    libinit2.o(.ARM.Collect$$libinit$$0000001A) refers to libinit2.o(.ARM.Collect$$libinit$$00000011) for .ARM.Collect$$libinit$$00000011
    libinit2.o(.ARM.Collect$$libinit$$00000028) refers to argv_veneer.o(.emb_text) for __ARM_argv_veneer
    libinit2.o(.ARM.Collect$$libinit$$00000029) refers to argv_veneer.o(.emb_text) for __ARM_argv_veneer
    rtexit2.o(.ARM.Collect$$rtexit$$00000003) refers to libshutdown.o(.ARM.Collect$$libshutdown$$00000000) for __rt_lib_shutdown
    rtexit2.o(.ARM.Collect$$rtexit$$00000004) refers to sys_exit.o(.text) for _sys_exit
    rtexit2.o(.ARM.exidx) refers to rtexit2.o(.ARM.Collect$$rtexit$$00000001) for .ARM.Collect$$rtexit$$00000001
    rtexit2.o(.ARM.exidx) refers to rtexit2.o(.ARM.Collect$$rtexit$$00000003) for .ARM.Collect$$rtexit$$00000003
    rtexit2.o(.ARM.exidx) refers to rtexit2.o(.ARM.Collect$$rtexit$$00000004) for .ARM.Collect$$rtexit$$00000004
    argv_veneer.o(.emb_text) refers to no_argv.o(.text) for __ARM_get_argv
    sys_exit.o(.text) refers (Special) to use_no_semi.o(.text) for __I$use$semihosting
    sys_exit.o(.text) refers (Special) to indicate_semi.o(.text) for __semihosting_library_function
    sys_exit_hlt.o(.text) refers (Special) to use_no_semi.o(.text) for __I$use$semihosting
    sys_exit_hlt.o(.text) refers (Special) to indicate_semi.o(.text) for __semihosting_library_function
    _get_argv_nomalloc.o(.text) refers (Special) to hrguard.o(.text) for __heap_region$guard
    _get_argv_nomalloc.o(.text) refers to defsig_rtmem_outer.o(.text) for __rt_SIGRTMEM
    _get_argv_nomalloc.o(.text) refers to sys_command.o(.text) for _sys_command_string
    libshutdown.o(.ARM.Collect$$libshutdown$$00000000) refers (Special) to libshutdown2.o(.ARM.Collect$$libshutdown$$00000002) for __rt_lib_shutdown_cpp_1
    libshutdown.o(.ARM.Collect$$libshutdown$$00000000) refers (Special) to libshutdown2.o(.ARM.Collect$$libshutdown$$00000007) for __rt_lib_shutdown_fp_trap_1
    libshutdown.o(.ARM.Collect$$libshutdown$$00000000) refers (Special) to libshutdown2.o(.ARM.Collect$$libshutdown$$0000000F) for __rt_lib_shutdown_heap_1
    libshutdown.o(.ARM.Collect$$libshutdown$$00000000) refers (Special) to libshutdown2.o(.ARM.Collect$$libshutdown$$00000010) for __rt_lib_shutdown_return
    libshutdown.o(.ARM.Collect$$libshutdown$$00000000) refers (Special) to libshutdown2.o(.ARM.Collect$$libshutdown$$0000000A) for __rt_lib_shutdown_signal_1
    libshutdown.o(.ARM.Collect$$libshutdown$$00000000) refers (Special) to libshutdown2.o(.ARM.Collect$$libshutdown$$00000004) for __rt_lib_shutdown_stdio_1
    libshutdown.o(.ARM.Collect$$libshutdown$$00000000) refers (Special) to libshutdown2.o(.ARM.Collect$$libshutdown$$0000000C) for __rt_lib_shutdown_user_alloc_1
    sys_command.o(.text) refers (Special) to use_no_semi.o(.text) for __I$use$semihosting
    sys_command.o(.text) refers (Special) to indicate_semi.o(.text) for __semihosting_library_function
    sys_command_hlt.o(.text) refers (Special) to use_no_semi.o(.text) for __I$use$semihosting
    sys_command_hlt.o(.text) refers (Special) to indicate_semi.o(.text) for __semihosting_library_function
    defsig_rtmem_outer.o(.text) refers to defsig_rtmem_inner.o(.text) for __rt_SIGRTMEM_inner
    defsig_rtmem_outer.o(.text) refers to defsig_exit.o(.text) for __sig_exit
    defsig_rtmem_formal.o(.text) refers to rt_raise.o(.text) for __rt_raise
    rt_raise.o(.text) refers to __raise.o(.text) for __raise
    rt_raise.o(.text) refers to sys_exit.o(.text) for _sys_exit
    defsig_exit.o(.text) refers to sys_exit.o(.text) for _sys_exit
    defsig_rtmem_inner.o(.text) refers to defsig_general.o(.text) for __default_signal_display
    __raise.o(.text) refers to defsig.o(CL$$defsig) for __default_signal_handler
    defsig_general.o(.text) refers to sys_wrch.o(.text) for _ttywrch
    sys_wrch.o(.text) refers (Special) to use_no_semi.o(.text) for __I$use$semihosting
    sys_wrch.o(.text) refers (Special) to indicate_semi.o(.text) for __semihosting_library_function
    sys_wrch_hlt.o(.text) refers (Special) to use_no_semi.o(.text) for __I$use$semihosting
    sys_wrch_hlt.o(.text) refers (Special) to indicate_semi.o(.text) for __semihosting_library_function
    defsig.o(CL$$defsig) refers to defsig_rtmem_inner.o(.text) for __rt_SIGRTMEM_inner
    defsig_abrt_inner.o(.text) refers to defsig_general.o(.text) for __default_signal_display
    defsig_fpe_inner.o(.text) refers to defsig_general.o(.text) for __default_signal_display
    defsig_rtred_inner.o(.text) refers to defsig_general.o(.text) for __default_signal_display
    defsig_stak_inner.o(.text) refers to defsig_general.o(.text) for __default_signal_display
    defsig_pvfn_inner.o(.text) refers to defsig_general.o(.text) for __default_signal_display
    defsig_cppl_inner.o(.text) refers to defsig_general.o(.text) for __default_signal_display
    defsig_segv_inner.o(.text) refers to defsig_general.o(.text) for __default_signal_display
    defsig_other.o(.text) refers to defsig_general.o(.text) for __default_signal_display


==============================================================================

Removing Unused input sections from the image.

    Removing led.o(.text), (0 bytes).
    Removing led.o(.ARM.exidx.text.led_init), (8 bytes).
    Removing motorcontrol.o(.text), (0 bytes).
    Removing motorcontrol.o(.ARM.exidx.text.move_forward), (8 bytes).
    Removing motorcontrol.o(.ARM.exidx.text.move_backward), (8 bytes).
    Removing motorcontrol.o(.ARM.exidx.text.pivot_left), (8 bytes).
    Removing motorcontrol.o(.ARM.exidx.text.pivot_right), (8 bytes).
    Removing motorcontrol.o(.ARM.exidx.text.turn_left), (8 bytes).
    Removing motorcontrol.o(.ARM.exidx.text.turn_right), (8 bytes).
    Removing motorcontrol.o(.ARM.exidx.text.stop_motors), (8 bytes).
    Removing motorsetup.o(.text), (0 bytes).
    Removing motorsetup.o(.ARM.exidx.text.motors_init), (8 bytes).
    Removing motorsetup.o(.ARM.exidx.text.right_motor_init), (8 bytes).
    Removing motorsetup.o(.ARM.exidx.text.left_motor_init), (8 bytes).
    Removing motorsetup.o(.ARM.exidx.text.motor_direction_init), (8 bytes).
    Removing motorsetup.o(.ARM.exidx.text.pwm_duty), (8 bytes).
    Removing motorsetup.o(.text.get_current_duty), (12 bytes).
    Removing motorsetup.o(.ARM.exidx.text.get_current_duty), (8 bytes).
    Removing motorsetup.o(.bss.currDuty), (8 bytes).
    Removing motorsmain.o(.text), (0 bytes).
    Removing motorsmain.o(.ARM.exidx.text.main), (8 bytes).
    Removing motorsmain.o(.ARM.exidx.text.system_init), (8 bytes).
    Removing motorsmain.o(.ARM.exidx.text.GPIOPortF_Handler), (8 bytes).
    Removing motorsmain.o(.ARM.use_no_argv), (4 bytes).
    Removing pll.o(.text), (0 bytes).
    Removing pll.o(.ARM.exidx.text.PLL_Init), (8 bytes).
    Removing spi.o(.text), (0 bytes).
    Removing spi.o(.ARM.exidx.text.SPI_slave_init), (8 bytes).
    Removing spi.o(.ARM.exidx.text.SPI_receive), (8 bytes).
    Removing spi.o(.ARM.exidx.text.SPI_transmit_word), (8 bytes).
    Removing switches.o(.text), (0 bytes).
    Removing switches.o(.ARM.exidx.text.switch_init), (8 bytes).
    Removing sensors.o(.text), (0 bytes).
    Removing sensors.o(.ARM.exidx.text.convert_to_centimeter), (8 bytes).
    Removing sensors.o(.ARM.exidx.text.Sensors_Init), (8 bytes).
    Removing sensors.o(.ARM.exidx.text.Sensors_In), (8 bytes).
    Removing sensors.o(.ARM.exidx.text.ReadSensorsFIRFilter), (8 bytes).
    Removing sensors.o(.ARM.exidx.text.encode_distance), (8 bytes).

38 unused section(s) (total 240 bytes) removed from the image.

==============================================================================

Image Symbol Table

    Local Symbols

    Symbol Name                              Value     Ov Type        Size  Object(Section)

    ../clib/angel/boardlib.s                 0x00000000   Number         0  boardinit1.o ABSOLUTE
    ../clib/angel/boardlib.s                 0x00000000   Number         0  boardinit2.o ABSOLUTE
    ../clib/angel/boardlib.s                 0x00000000   Number         0  boardinit3.o ABSOLUTE
    ../clib/angel/boardlib.s                 0x00000000   Number         0  boardshut.o ABSOLUTE
    ../clib/angel/handlers.s                 0x00000000   Number         0  __scatter_zi.o ABSOLUTE
    ../clib/angel/kernel.s                   0x00000000   Number         0  __rtentry.o ABSOLUTE
    ../clib/angel/kernel.s                   0x00000000   Number         0  __rtentry2.o ABSOLUTE
    ../clib/angel/kernel.s                   0x00000000   Number         0  __rtentry4.o ABSOLUTE
    ../clib/angel/kernel.s                   0x00000000   Number         0  rtexit.o ABSOLUTE
    ../clib/angel/kernel.s                   0x00000000   Number         0  rtexit2.o ABSOLUTE
    ../clib/angel/rt.s                       0x00000000   Number         0  rt_raise.o ABSOLUTE
    ../clib/angel/scatter.s                  0x00000000   Number         0  __scatter.o ABSOLUTE
    ../clib/angel/startup.s                  0x00000000   Number         0  __main.o ABSOLUTE
    ../clib/angel/sys.s                      0x00000000   Number         0  sys_stackheap_outer.o ABSOLUTE
    ../clib/angel/sys.s                      0x00000000   Number         0  libspace.o ABSOLUTE
    ../clib/angel/sys.s                      0x00000000   Number         0  use_no_semi.o ABSOLUTE
    ../clib/angel/sys.s                      0x00000000   Number         0  indicate_semi.o ABSOLUTE
    ../clib/angel/sysapp.c                   0x00000000   Number         0  sys_exit.o ABSOLUTE
    ../clib/angel/sysapp.c                   0x00000000   Number         0  sys_exit_hlt.o ABSOLUTE
    ../clib/angel/sysapp.c                   0x00000000   Number         0  sys_command.o ABSOLUTE
    ../clib/angel/sysapp.c                   0x00000000   Number         0  sys_command_hlt.o ABSOLUTE
    ../clib/angel/sysapp.c                   0x00000000   Number         0  sys_wrch.o ABSOLUTE
    ../clib/angel/sysapp.c                   0x00000000   Number         0  sys_wrch_hlt.o ABSOLUTE
    ../clib/armsys.c                         0x00000000   Number         0  argv_veneer.o ABSOLUTE
    ../clib/armsys.c                         0x00000000   Number         0  argv_veneer.o ABSOLUTE
    ../clib/armsys.c                         0x00000000   Number         0  _get_argv_nomalloc.o ABSOLUTE
    ../clib/armsys.c                         0x00000000   Number         0  no_argv.o ABSOLUTE
    ../clib/heapalloc.c                      0x00000000   Number         0  hrguard.o ABSOLUTE
    ../clib/heapaux.c                        0x00000000   Number         0  heapauxi.o ABSOLUTE
    ../clib/libinit.s                        0x00000000   Number         0  libinit.o ABSOLUTE
    ../clib/libinit.s                        0x00000000   Number         0  libinit2.o ABSOLUTE
    ../clib/libinit.s                        0x00000000   Number         0  libshutdown.o ABSOLUTE
    ../clib/libinit.s                        0x00000000   Number         0  libshutdown2.o ABSOLUTE
    ../clib/signal.c                         0x00000000   Number         0  defsig_rtmem_outer.o ABSOLUTE
    ../clib/signal.c                         0x00000000   Number         0  defsig_rtmem_formal.o ABSOLUTE
    ../clib/signal.c                         0x00000000   Number         0  defsig_exit.o ABSOLUTE
    ../clib/signal.c                         0x00000000   Number         0  defsig_rtmem_inner.o ABSOLUTE
    ../clib/signal.c                         0x00000000   Number         0  __raise.o ABSOLUTE
    ../clib/signal.c                         0x00000000   Number         0  defsig_general.o ABSOLUTE
    ../clib/signal.c                         0x00000000   Number         0  defsig_abrt_inner.o ABSOLUTE
    ../clib/signal.c                         0x00000000   Number         0  defsig_fpe_inner.o ABSOLUTE
    ../clib/signal.c                         0x00000000   Number         0  defsig_rtred_inner.o ABSOLUTE
    ../clib/signal.c                         0x00000000   Number         0  defsig_stak_inner.o ABSOLUTE
    ../clib/signal.c                         0x00000000   Number         0  defsig_pvfn_inner.o ABSOLUTE
    ../clib/signal.c                         0x00000000   Number         0  defsig_cppl_inner.o ABSOLUTE
    ../clib/signal.c                         0x00000000   Number         0  defsig_segv_inner.o ABSOLUTE
    ../clib/signal.c                         0x00000000   Number         0  defsig_other.o ABSOLUTE
    ../clib/signal.s                         0x00000000   Number         0  defsig.o ABSOLUTE
    ../clib/stdlib.c                         0x00000000   Number         0  exit.o ABSOLUTE
    ../fplib/faddsub.s                       0x00000000   Number         0  faddsub_clz.o ABSOLUTE
    ../fplib/fdiv.s                          0x00000000   Number         0  fdiv.o ABSOLUTE
    ../fplib/ffix.s                          0x00000000   Number         0  ffix.o ABSOLUTE
    ../fplib/fflt.s                          0x00000000   Number         0  fflt_clz.o ABSOLUTE
    ../fplib/fmul.s                          0x00000000   Number         0  fmul.o ABSOLUTE
    ../fplib/fnaninf.s                       0x00000000   Number         0  fnaninf.o ABSOLUTE
    ../fplib/fpinit.s                        0x00000000   Number         0  fpinit.o ABSOLUTE
    ../fplib/fpinit_empty.s                  0x00000000   Number         0  fpinit_empty.o ABSOLUTE
    ../fplib/fretinf.s                       0x00000000   Number         0  fretinf.o ABSOLUTE
    ../fplib/usenofp.s                       0x00000000   Number         0  usenofp.o ABSOLUTE
    LED.c                                    0x00000000   Number         0  led.o ABSOLUTE
    MotorControl.c                           0x00000000   Number         0  motorcontrol.o ABSOLUTE
    MotorSetup.c                             0x00000000   Number         0  motorsetup.o ABSOLUTE
    MotorsMain.c                             0x00000000   Number         0  motorsmain.o ABSOLUTE
    PLL.c                                    0x00000000   Number         0  pll.o ABSOLUTE
    SPI.c                                    0x00000000   Number         0  spi.o ABSOLUTE
    Sensors.c                                0x00000000   Number         0  sensors.o ABSOLUTE
    Switches.c                               0x00000000   Number         0  switches.o ABSOLUTE
    dc.s                                     0x00000000   Number         0  dc.o ABSOLUTE
    src/startup.s                            0x00000000   Number         0  startup.o ABSOLUTE
    RESET                                    0x00000000   Section      644  startup.o(RESET)
    !!!main                                  0x00000284   Section        8  __main.o(!!!main)
    !!!scatter                               0x0000028c   Section       52  __scatter.o(!!!scatter)
    !!handler_zi                             0x000002c0   Section       28  __scatter_zi.o(!!handler_zi)
    .ARM.Collect$$libinit$$00000000          0x000002dc   Section        2  libinit.o(.ARM.Collect$$libinit$$00000000)
    .ARM.Collect$$libinit$$00000002          0x000002de   Section        0  libinit2.o(.ARM.Collect$$libinit$$00000002)
    .ARM.Collect$$libinit$$00000004          0x000002de   Section        0  libinit2.o(.ARM.Collect$$libinit$$00000004)
    .ARM.Collect$$libinit$$00000006          0x000002de   Section        0  libinit2.o(.ARM.Collect$$libinit$$00000006)
    .ARM.Collect$$libinit$$0000000C          0x000002de   Section        0  libinit2.o(.ARM.Collect$$libinit$$0000000C)
    .ARM.Collect$$libinit$$0000000E          0x000002de   Section        0  libinit2.o(.ARM.Collect$$libinit$$0000000E)
    .ARM.Collect$$libinit$$00000010          0x000002de   Section        0  libinit2.o(.ARM.Collect$$libinit$$00000010)
    .ARM.Collect$$libinit$$00000013          0x000002de   Section        0  libinit2.o(.ARM.Collect$$libinit$$00000013)
    .ARM.Collect$$libinit$$00000015          0x000002de   Section        0  libinit2.o(.ARM.Collect$$libinit$$00000015)
    .ARM.Collect$$libinit$$00000017          0x000002de   Section        0  libinit2.o(.ARM.Collect$$libinit$$00000017)
    .ARM.Collect$$libinit$$00000019          0x000002de   Section        0  libinit2.o(.ARM.Collect$$libinit$$00000019)
    .ARM.Collect$$libinit$$0000001B          0x000002de   Section        0  libinit2.o(.ARM.Collect$$libinit$$0000001B)
    .ARM.Collect$$libinit$$0000001D          0x000002de   Section        0  libinit2.o(.ARM.Collect$$libinit$$0000001D)
    .ARM.Collect$$libinit$$0000001F          0x000002de   Section        0  libinit2.o(.ARM.Collect$$libinit$$0000001F)
    .ARM.Collect$$libinit$$00000021          0x000002de   Section        0  libinit2.o(.ARM.Collect$$libinit$$00000021)
    .ARM.Collect$$libinit$$00000023          0x000002de   Section        0  libinit2.o(.ARM.Collect$$libinit$$00000023)
    .ARM.Collect$$libinit$$00000025          0x000002de   Section        0  libinit2.o(.ARM.Collect$$libinit$$00000025)
    .ARM.Collect$$libinit$$00000027          0x000002de   Section        0  libinit2.o(.ARM.Collect$$libinit$$00000027)
    .ARM.Collect$$libinit$$0000002E          0x000002de   Section        0  libinit2.o(.ARM.Collect$$libinit$$0000002E)
    .ARM.Collect$$libinit$$00000030          0x000002de   Section        0  libinit2.o(.ARM.Collect$$libinit$$00000030)
    .ARM.Collect$$libinit$$00000032          0x000002de   Section        0  libinit2.o(.ARM.Collect$$libinit$$00000032)
    .ARM.Collect$$libinit$$00000034          0x000002de   Section        0  libinit2.o(.ARM.Collect$$libinit$$00000034)
    .ARM.Collect$$libinit$$00000035          0x000002de   Section        2  libinit2.o(.ARM.Collect$$libinit$$00000035)
    .ARM.Collect$$libshutdown$$00000000      0x000002e0   Section        2  libshutdown.o(.ARM.Collect$$libshutdown$$00000000)
    .ARM.Collect$$libshutdown$$00000002      0x000002e2   Section        0  libshutdown2.o(.ARM.Collect$$libshutdown$$00000002)
    .ARM.Collect$$libshutdown$$00000004      0x000002e2   Section        0  libshutdown2.o(.ARM.Collect$$libshutdown$$00000004)
    .ARM.Collect$$libshutdown$$00000007      0x000002e2   Section        0  libshutdown2.o(.ARM.Collect$$libshutdown$$00000007)
    .ARM.Collect$$libshutdown$$0000000A      0x000002e2   Section        0  libshutdown2.o(.ARM.Collect$$libshutdown$$0000000A)
    .ARM.Collect$$libshutdown$$0000000C      0x000002e2   Section        0  libshutdown2.o(.ARM.Collect$$libshutdown$$0000000C)
    .ARM.Collect$$libshutdown$$0000000F      0x000002e2   Section        0  libshutdown2.o(.ARM.Collect$$libshutdown$$0000000F)
    .ARM.Collect$$libshutdown$$00000010      0x000002e2   Section        2  libshutdown2.o(.ARM.Collect$$libshutdown$$00000010)
    .ARM.Collect$$rtentry$$00000000          0x000002e4   Section        0  __rtentry.o(.ARM.Collect$$rtentry$$00000000)
    .ARM.Collect$$rtentry$$00000002          0x000002e4   Section        0  __rtentry2.o(.ARM.Collect$$rtentry$$00000002)
    .ARM.Collect$$rtentry$$00000004          0x000002e4   Section        6  __rtentry4.o(.ARM.Collect$$rtentry$$00000004)
    .ARM.Collect$$rtentry$$00000009          0x000002ea   Section        0  __rtentry2.o(.ARM.Collect$$rtentry$$00000009)
    .ARM.Collect$$rtentry$$0000000A          0x000002ea   Section        4  __rtentry2.o(.ARM.Collect$$rtentry$$0000000A)
    .ARM.Collect$$rtentry$$0000000C          0x000002ee   Section        0  __rtentry2.o(.ARM.Collect$$rtentry$$0000000C)
    .ARM.Collect$$rtentry$$0000000D          0x000002ee   Section        8  __rtentry2.o(.ARM.Collect$$rtentry$$0000000D)
    .ARM.Collect$$rtexit$$00000000           0x000002f6   Section        2  rtexit.o(.ARM.Collect$$rtexit$$00000000)
    .ARM.Collect$$rtexit$$00000002           0x000002f8   Section        0  rtexit2.o(.ARM.Collect$$rtexit$$00000002)
    .ARM.Collect$$rtexit$$00000003           0x000002f8   Section        4  rtexit2.o(.ARM.Collect$$rtexit$$00000003)
    .ARM.Collect$$rtexit$$00000004           0x000002fc   Section        6  rtexit2.o(.ARM.Collect$$rtexit$$00000004)
    .text                                    0x00000304   Section       48  startup.o(.text)
    .text                                    0x00000334   Section        0  heapauxi.o(.text)
    .text                                    0x0000033a   Section       74  sys_stackheap_outer.o(.text)
    .text                                    0x00000384   Section        0  exit.o(.text)
    .text                                    0x00000398   Section        8  libspace.o(.text)
    .text                                    0x000003a0   Section        0  sys_exit.o(.text)
    .text                                    0x000003ac   Section        2  use_no_semi.o(.text)
    .text                                    0x000003ae   Section        0  indicate_semi.o(.text)
    [Anonymous Symbol]                       0x000003b0   Section        0  motorsmain.o(.text.GPIOPortF_Handler)
    [Anonymous Symbol]                       0x00000410   Section        0  pll.o(.text.PLL_Init)
    [Anonymous Symbol]                       0x00000494   Section        0  sensors.o(.text.ReadSensorsFIRFilter)
    [Anonymous Symbol]                       0x000004e4   Section        0  spi.o(.text.SPI_receive)
    [Anonymous Symbol]                       0x00000510   Section        0  spi.o(.text.SPI_slave_init)
    [Anonymous Symbol]                       0x000005f0   Section        0  spi.o(.text.SPI_transmit_word)
    [Anonymous Symbol]                       0x00000620   Section        0  sensors.o(.text.Sensors_In)
    [Anonymous Symbol]                       0x00000674   Section        0  sensors.o(.text.Sensors_Init)
    [Anonymous Symbol]                       0x00000774   Section        0  sensors.o(.text.convert_to_centimeter)
    [Anonymous Symbol]                       0x000008b8   Section        0  sensors.o(.text.encode_distance)
    [Anonymous Symbol]                       0x000008d4   Section        0  led.o(.text.led_init)
    [Anonymous Symbol]                       0x000009a4   Section        0  motorsetup.o(.text.left_motor_init)
    [Anonymous Symbol]                       0x00000a74   Section        0  motorsmain.o(.text.main)
    [Anonymous Symbol]                       0x00000b90   Section        0  motorsetup.o(.text.motor_direction_init)
    [Anonymous Symbol]                       0x00000c1c   Section        0  motorsetup.o(.text.motors_init)
    [Anonymous Symbol]                       0x00000c2c   Section        0  motorcontrol.o(.text.move_backward)
    [Anonymous Symbol]                       0x00000c60   Section        0  motorcontrol.o(.text.move_forward)
    [Anonymous Symbol]                       0x00000c94   Section        0  motorcontrol.o(.text.pivot_left)
    [Anonymous Symbol]                       0x00000cc8   Section        0  motorcontrol.o(.text.pivot_right)
    [Anonymous Symbol]                       0x00000cfc   Section        0  motorsetup.o(.text.pwm_duty)
    [Anonymous Symbol]                       0x00000d24   Section        0  motorsetup.o(.text.right_motor_init)
    [Anonymous Symbol]                       0x00000e10   Section        0  motorcontrol.o(.text.stop_motors)
    [Anonymous Symbol]                       0x00000e38   Section        0  switches.o(.text.switch_init)
    [Anonymous Symbol]                       0x00000f64   Section        0  motorsmain.o(.text.system_init)
    [Anonymous Symbol]                       0x00000f80   Section        0  motorcontrol.o(.text.turn_left)
    [Anonymous Symbol]                       0x00000fb4   Section        0  motorcontrol.o(.text.turn_right)
    x$fpl$fadd                               0x00000fe8   Section      196  faddsub_clz.o(x$fpl$fadd)
    _fadd1                                   0x00000ff7   Thumb Code     0  faddsub_clz.o(x$fpl$fadd)
    _fdiv1                                   0x000010ad   Thumb Code     0  fdiv.o(x$fpl$fdiv)
    x$fpl$fdiv                               0x000010ac   Section      388  fdiv.o(x$fpl$fdiv)
    x$fpl$ffix                               0x00001230   Section       54  ffix.o(x$fpl$ffix)
    x$fpl$fflt                               0x00001268   Section       48  fflt_clz.o(x$fpl$fflt)
    x$fpl$fmul                               0x00001298   Section      258  fmul.o(x$fpl$fmul)
    x$fpl$fnaninf                            0x0000139a   Section      140  fnaninf.o(x$fpl$fnaninf)
    x$fpl$fretinf                            0x00001426   Section       10  fretinf.o(x$fpl$fretinf)
    x$fpl$fsub                               0x00001430   Section      234  faddsub_clz.o(x$fpl$fsub)
    _fsub1                                   0x0000143f   Thumb Code     0  faddsub_clz.o(x$fpl$fsub)
    x$fpl$usenofp                            0x0000151a   Section        0  usenofp.o(x$fpl$usenofp)
    .bss                                     0x20000000   Section       96  libspace.o(.bss)
    ReadSensorsFIRFilter.ain2previous        0x20000060   Data           2  sensors.o(.bss.ReadSensorsFIRFilter.ain2previous)
    [Anonymous Symbol]                       0x20000060   Section        0  sensors.o(.bss.ReadSensorsFIRFilter.ain2previous)
    ReadSensorsFIRFilter.ain9previous        0x20000062   Data           2  sensors.o(.bss.ReadSensorsFIRFilter.ain9previous)
    [Anonymous Symbol]                       0x20000062   Section        0  sensors.o(.bss.ReadSensorsFIRFilter.ain9previous)
    HeapMem                                  0x20000068   Data           0  startup.o(HEAP)
    StackMem                                 0x20000068   Data           0  startup.o(STACK)
    HEAP                                     0x20000068   Section        0  startup.o(HEAP)
    STACK                                    0x20000068   Section     1024  startup.o(STACK)

    Global Symbols

    Symbol Name                              Value     Ov Type        Size  Object(Section)

    BuildAttributes$$THM_ISAv4$E$P$D$K$B$S$7EM$PE$A:L22UL41UL21$X:L11$S22US41US21$IEEE1$IW$~IW$USESV6$~STKCKD$USESV7$~SHL$OSPACE$ROPI$EBA8$UX$STANDARDLIB$REQ8$PRES8$EABIv2 0x00000000   Number         0  anon$$obj.o ABSOLUTE
    __Vectors                                0x00000000   Data           0  startup.o(RESET)
    __fp_init_empty                          0x00000000   Number         0  fpinit_empty.o ABSOLUTE
    __ARM_exceptions_init                     - Undefined Weak Reference
    __alloca_initialize                       - Undefined Weak Reference
    __arm_preinit_                            - Undefined Weak Reference
    __arm_relocate_pie_                       - Undefined Weak Reference
    __cpp_initialize__aeabi_                  - Undefined Weak Reference
    __cxa_finalize                            - Undefined Weak Reference
    __rt_locale                               - Undefined Weak Reference
    __sigvec_lookup                           - Undefined Weak Reference
    _atexit_init                              - Undefined Weak Reference
    _call_atexit_fns                          - Undefined Weak Reference
    _clock_init                               - Undefined Weak Reference
    _fp_trap_init                             - Undefined Weak Reference
    _fp_trap_shutdown                         - Undefined Weak Reference
    _get_lc_collate                           - Undefined Weak Reference
    _get_lc_ctype                             - Undefined Weak Reference
    _get_lc_monetary                          - Undefined Weak Reference
    _get_lc_numeric                           - Undefined Weak Reference
    _get_lc_time                              - Undefined Weak Reference
    _getenv_init                              - Undefined Weak Reference
    _handle_redirection                       - Undefined Weak Reference
    _init_alloc                               - Undefined Weak Reference
    _init_user_alloc                          - Undefined Weak Reference
    _initio                                   - Undefined Weak Reference
    _rand_init                                - Undefined Weak Reference
    _signal_finish                            - Undefined Weak Reference
    _signal_init                              - Undefined Weak Reference
    _terminate_alloc                          - Undefined Weak Reference
    _terminate_user_alloc                     - Undefined Weak Reference
    _terminateio                              - Undefined Weak Reference
    Reset_Handler                            0x0000026d   Thumb Code     0  startup.o(RESET)
    NMI_Handler                              0x00000271   Thumb Code     2  startup.o(RESET)
    HardFault_Handler                        0x00000273   Thumb Code     2  startup.o(RESET)
    MemManage_Handler                        0x00000275   Thumb Code     2  startup.o(RESET)
    BusFault_Handler                         0x00000277   Thumb Code     2  startup.o(RESET)
    UsageFault_Handler                       0x00000279   Thumb Code     2  startup.o(RESET)
    SVC_Handler                              0x0000027b   Thumb Code     2  startup.o(RESET)
    DebugMon_Handler                         0x0000027d   Thumb Code     2  startup.o(RESET)
    PendSV_Handler                           0x0000027f   Thumb Code     2  startup.o(RESET)
    SysTick_Handler                          0x00000281   Thumb Code     2  startup.o(RESET)
    ADC0Seq0_Handler                         0x00000283   Thumb Code     0  startup.o(RESET)
    ADC0Seq1_Handler                         0x00000283   Thumb Code     0  startup.o(RESET)
    ADC0Seq2_Handler                         0x00000283   Thumb Code     0  startup.o(RESET)
    ADC0Seq3_Handler                         0x00000283   Thumb Code     0  startup.o(RESET)
    ADC1Seq0_Handler                         0x00000283   Thumb Code     0  startup.o(RESET)
    ADC1Seq1_Handler                         0x00000283   Thumb Code     0  startup.o(RESET)
    ADC1Seq2_Handler                         0x00000283   Thumb Code     0  startup.o(RESET)
    ADC1Seq3_Handler                         0x00000283   Thumb Code     0  startup.o(RESET)
    CAN0_Handler                             0x00000283   Thumb Code     0  startup.o(RESET)
    CAN1_Handler                             0x00000283   Thumb Code     0  startup.o(RESET)
    CAN2_Handler                             0x00000283   Thumb Code     0  startup.o(RESET)
    Comp0_Handler                            0x00000283   Thumb Code     0  startup.o(RESET)
    Comp1_Handler                            0x00000283   Thumb Code     0  startup.o(RESET)
    Comp2_Handler                            0x00000283   Thumb Code     0  startup.o(RESET)
    Ethernet_Handler                         0x00000283   Thumb Code     0  startup.o(RESET)
    ExtBus_Handler                           0x00000283   Thumb Code     0  startup.o(RESET)
    FPU_Handler                              0x00000283   Thumb Code     0  startup.o(RESET)
    Fan0_Handler                             0x00000283   Thumb Code     0  startup.o(RESET)
    FlashCtl_Handler                         0x00000283   Thumb Code     0  startup.o(RESET)
    GPIOPortA_Handler                        0x00000283   Thumb Code     0  startup.o(RESET)
    GPIOPortB_Handler                        0x00000283   Thumb Code     0  startup.o(RESET)
    GPIOPortC_Handler                        0x00000283   Thumb Code     0  startup.o(RESET)
    GPIOPortD_Handler                        0x00000283   Thumb Code     0  startup.o(RESET)
    GPIOPortE_Handler                        0x00000283   Thumb Code     0  startup.o(RESET)
    GPIOPortG_Handler                        0x00000283   Thumb Code     0  startup.o(RESET)
    GPIOPortH_Handler                        0x00000283   Thumb Code     0  startup.o(RESET)
    GPIOPortJ_Handler                        0x00000283   Thumb Code     0  startup.o(RESET)
    GPIOPortK_Handler                        0x00000283   Thumb Code     0  startup.o(RESET)
    GPIOPortL_Handler                        0x00000283   Thumb Code     0  startup.o(RESET)
    GPIOPortM_Handler                        0x00000283   Thumb Code     0  startup.o(RESET)
    GPIOPortN_Handler                        0x00000283   Thumb Code     0  startup.o(RESET)
    GPIOPortP1_Handler                       0x00000283   Thumb Code     0  startup.o(RESET)
    GPIOPortP2_Handler                       0x00000283   Thumb Code     0  startup.o(RESET)
    GPIOPortP3_Handler                       0x00000283   Thumb Code     0  startup.o(RESET)
    GPIOPortP4_Handler                       0x00000283   Thumb Code     0  startup.o(RESET)
    GPIOPortP5_Handler                       0x00000283   Thumb Code     0  startup.o(RESET)
    GPIOPortP6_Handler                       0x00000283   Thumb Code     0  startup.o(RESET)
    GPIOPortP7_Handler                       0x00000283   Thumb Code     0  startup.o(RESET)
    GPIOPortP_Handler                        0x00000283   Thumb Code     0  startup.o(RESET)
    GPIOPortQ1_Handler                       0x00000283   Thumb Code     0  startup.o(RESET)
    GPIOPortQ2_Handler                       0x00000283   Thumb Code     0  startup.o(RESET)
    GPIOPortQ3_Handler                       0x00000283   Thumb Code     0  startup.o(RESET)
    GPIOPortQ4_Handler                       0x00000283   Thumb Code     0  startup.o(RESET)
    GPIOPortQ5_Handler                       0x00000283   Thumb Code     0  startup.o(RESET)
    GPIOPortQ6_Handler                       0x00000283   Thumb Code     0  startup.o(RESET)
    GPIOPortQ7_Handler                       0x00000283   Thumb Code     0  startup.o(RESET)
    GPIOPortQ_Handler                        0x00000283   Thumb Code     0  startup.o(RESET)
    GPIOPortR_Handler                        0x00000283   Thumb Code     0  startup.o(RESET)
    GPIOPortS_Handler                        0x00000283   Thumb Code     0  startup.o(RESET)
    Hibernate_Handler                        0x00000283   Thumb Code     0  startup.o(RESET)
    I2C0_Handler                             0x00000283   Thumb Code     0  startup.o(RESET)
    I2C1_Handler                             0x00000283   Thumb Code     0  startup.o(RESET)
    I2C2_Handler                             0x00000283   Thumb Code     0  startup.o(RESET)
    I2C3_Handler                             0x00000283   Thumb Code     0  startup.o(RESET)
    I2C4_Handler                             0x00000283   Thumb Code     0  startup.o(RESET)
    I2C5_Handler                             0x00000283   Thumb Code     0  startup.o(RESET)
    I2S0_Handler                             0x00000283   Thumb Code     0  startup.o(RESET)
    LPC0_Handler                             0x00000283   Thumb Code     0  startup.o(RESET)
    PECI0_Handler                            0x00000283   Thumb Code     0  startup.o(RESET)
    PWM0Fault_Handler                        0x00000283   Thumb Code     0  startup.o(RESET)
    PWM0Generator0_Handler                   0x00000283   Thumb Code     0  startup.o(RESET)
    PWM0Generator1_Handler                   0x00000283   Thumb Code     0  startup.o(RESET)
    PWM0Generator2_Handler                   0x00000283   Thumb Code     0  startup.o(RESET)
    PWM0Generator3_Handler                   0x00000283   Thumb Code     0  startup.o(RESET)
    PWM1Fault_Handler                        0x00000283   Thumb Code     0  startup.o(RESET)
    PWM1Generator0_Handler                   0x00000283   Thumb Code     0  startup.o(RESET)
    PWM1Generator1_Handler                   0x00000283   Thumb Code     0  startup.o(RESET)
    PWM1Generator2_Handler                   0x00000283   Thumb Code     0  startup.o(RESET)
    PWM1Generator3_Handler                   0x00000283   Thumb Code     0  startup.o(RESET)
    Quadrature0_Handler                      0x00000283   Thumb Code     0  startup.o(RESET)
    Quadrature1_Handler                      0x00000283   Thumb Code     0  startup.o(RESET)
    Quadrature2_Handler                      0x00000283   Thumb Code     0  startup.o(RESET)
    SSI0_Handler                             0x00000283   Thumb Code     0  startup.o(RESET)
    SSI1_Handler                             0x00000283   Thumb Code     0  startup.o(RESET)
    SSI2_Handler                             0x00000283   Thumb Code     0  startup.o(RESET)
    SSI3_Handler                             0x00000283   Thumb Code     0  startup.o(RESET)
    SysCtl_Handler                           0x00000283   Thumb Code     0  startup.o(RESET)
    Timer0A_Handler                          0x00000283   Thumb Code     0  startup.o(RESET)
    Timer0B_Handler                          0x00000283   Thumb Code     0  startup.o(RESET)
    Timer1A_Handler                          0x00000283   Thumb Code     0  startup.o(RESET)
    Timer1B_Handler                          0x00000283   Thumb Code     0  startup.o(RESET)
    Timer2A_Handler                          0x00000283   Thumb Code     0  startup.o(RESET)
    Timer2B_Handler                          0x00000283   Thumb Code     0  startup.o(RESET)
    Timer3A_Handler                          0x00000283   Thumb Code     0  startup.o(RESET)
    Timer3B_Handler                          0x00000283   Thumb Code     0  startup.o(RESET)
    Timer4A_Handler                          0x00000283   Thumb Code     0  startup.o(RESET)
    Timer4B_Handler                          0x00000283   Thumb Code     0  startup.o(RESET)
    Timer5A_Handler                          0x00000283   Thumb Code     0  startup.o(RESET)
    Timer5B_Handler                          0x00000283   Thumb Code     0  startup.o(RESET)
    UART0_Handler                            0x00000283   Thumb Code     0  startup.o(RESET)
    UART1_Handler                            0x00000283   Thumb Code     0  startup.o(RESET)
    UART2_Handler                            0x00000283   Thumb Code     0  startup.o(RESET)
    UART3_Handler                            0x00000283   Thumb Code     0  startup.o(RESET)
    UART4_Handler                            0x00000283   Thumb Code     0  startup.o(RESET)
    UART5_Handler                            0x00000283   Thumb Code     0  startup.o(RESET)
    UART6_Handler                            0x00000283   Thumb Code     0  startup.o(RESET)
    UART7_Handler                            0x00000283   Thumb Code     0  startup.o(RESET)
    USB0_Handler                             0x00000283   Thumb Code     0  startup.o(RESET)
    WDT_Handler                              0x00000283   Thumb Code     0  startup.o(RESET)
    WideTimer0A_Handler                      0x00000283   Thumb Code     0  startup.o(RESET)
    WideTimer0B_Handler                      0x00000283   Thumb Code     0  startup.o(RESET)
    WideTimer1A_Handler                      0x00000283   Thumb Code     0  startup.o(RESET)
    WideTimer1B_Handler                      0x00000283   Thumb Code     0  startup.o(RESET)
    WideTimer2A_Handler                      0x00000283   Thumb Code     0  startup.o(RESET)
    WideTimer2B_Handler                      0x00000283   Thumb Code     0  startup.o(RESET)
    WideTimer3A_Handler                      0x00000283   Thumb Code     0  startup.o(RESET)
    WideTimer3B_Handler                      0x00000283   Thumb Code     0  startup.o(RESET)
    WideTimer4A_Handler                      0x00000283   Thumb Code     0  startup.o(RESET)
    WideTimer4B_Handler                      0x00000283   Thumb Code     0  startup.o(RESET)
    WideTimer5A_Handler                      0x00000283   Thumb Code     0  startup.o(RESET)
    WideTimer5B_Handler                      0x00000283   Thumb Code     0  startup.o(RESET)
    uDMA_Error                               0x00000283   Thumb Code     0  startup.o(RESET)
    uDMA_Handler                             0x00000283   Thumb Code     0  startup.o(RESET)
    __main                                   0x00000285   Thumb Code     8  __main.o(!!!main)
    __scatterload                            0x0000028d   Thumb Code     0  __scatter.o(!!!scatter)
    __scatterload_rt2                        0x0000028d   Thumb Code    44  __scatter.o(!!!scatter)
    __scatterload_rt2_thumb_only             0x0000028d   Thumb Code     0  __scatter.o(!!!scatter)
    __scatterload_null                       0x0000029b   Thumb Code     0  __scatter.o(!!!scatter)
    __scatterload_zeroinit                   0x000002c1   Thumb Code    28  __scatter_zi.o(!!handler_zi)
    __rt_lib_init                            0x000002dd   Thumb Code     0  libinit.o(.ARM.Collect$$libinit$$00000000)
    __rt_lib_init_alloca_1                   0x000002df   Thumb Code     0  libinit2.o(.ARM.Collect$$libinit$$00000030)
    __rt_lib_init_argv_1                     0x000002df   Thumb Code     0  libinit2.o(.ARM.Collect$$libinit$$0000002E)
    __rt_lib_init_atexit_1                   0x000002df   Thumb Code     0  libinit2.o(.ARM.Collect$$libinit$$0000001D)
    __rt_lib_init_clock_1                    0x000002df   Thumb Code     0  libinit2.o(.ARM.Collect$$libinit$$00000023)
    __rt_lib_init_cpp_1                      0x000002df   Thumb Code     0  libinit2.o(.ARM.Collect$$libinit$$00000034)
    __rt_lib_init_exceptions_1               0x000002df   Thumb Code     0  libinit2.o(.ARM.Collect$$libinit$$00000032)
    __rt_lib_init_fp_1                       0x000002df   Thumb Code     0  libinit2.o(.ARM.Collect$$libinit$$00000002)
    __rt_lib_init_fp_trap_1                  0x000002df   Thumb Code     0  libinit2.o(.ARM.Collect$$libinit$$00000021)
    __rt_lib_init_getenv_1                   0x000002df   Thumb Code     0  libinit2.o(.ARM.Collect$$libinit$$00000025)
    __rt_lib_init_heap_1                     0x000002df   Thumb Code     0  libinit2.o(.ARM.Collect$$libinit$$0000000C)
    __rt_lib_init_lc_collate_1               0x000002df   Thumb Code     0  libinit2.o(.ARM.Collect$$libinit$$00000013)
    __rt_lib_init_lc_ctype_1                 0x000002df   Thumb Code     0  libinit2.o(.ARM.Collect$$libinit$$00000015)
    __rt_lib_init_lc_monetary_1              0x000002df   Thumb Code     0  libinit2.o(.ARM.Collect$$libinit$$00000017)
    __rt_lib_init_lc_numeric_1               0x000002df   Thumb Code     0  libinit2.o(.ARM.Collect$$libinit$$00000019)
    __rt_lib_init_lc_time_1                  0x000002df   Thumb Code     0  libinit2.o(.ARM.Collect$$libinit$$0000001B)
    __rt_lib_init_preinit_1                  0x000002df   Thumb Code     0  libinit2.o(.ARM.Collect$$libinit$$00000006)
    __rt_lib_init_rand_1                     0x000002df   Thumb Code     0  libinit2.o(.ARM.Collect$$libinit$$00000010)
    __rt_lib_init_relocate_pie_1             0x000002df   Thumb Code     0  libinit2.o(.ARM.Collect$$libinit$$00000004)
    __rt_lib_init_return                     0x000002df   Thumb Code     0  libinit2.o(.ARM.Collect$$libinit$$00000035)
    __rt_lib_init_signal_1                   0x000002df   Thumb Code     0  libinit2.o(.ARM.Collect$$libinit$$0000001F)
    __rt_lib_init_stdio_1                    0x000002df   Thumb Code     0  libinit2.o(.ARM.Collect$$libinit$$00000027)
    __rt_lib_init_user_alloc_1               0x000002df   Thumb Code     0  libinit2.o(.ARM.Collect$$libinit$$0000000E)
    __rt_lib_shutdown                        0x000002e1   Thumb Code     0  libshutdown.o(.ARM.Collect$$libshutdown$$00000000)
    __rt_lib_shutdown_cpp_1                  0x000002e3   Thumb Code     0  libshutdown2.o(.ARM.Collect$$libshutdown$$00000002)
    __rt_lib_shutdown_fp_trap_1              0x000002e3   Thumb Code     0  libshutdown2.o(.ARM.Collect$$libshutdown$$00000007)
    __rt_lib_shutdown_heap_1                 0x000002e3   Thumb Code     0  libshutdown2.o(.ARM.Collect$$libshutdown$$0000000F)
    __rt_lib_shutdown_return                 0x000002e3   Thumb Code     0  libshutdown2.o(.ARM.Collect$$libshutdown$$00000010)
    __rt_lib_shutdown_signal_1               0x000002e3   Thumb Code     0  libshutdown2.o(.ARM.Collect$$libshutdown$$0000000A)
    __rt_lib_shutdown_stdio_1                0x000002e3   Thumb Code     0  libshutdown2.o(.ARM.Collect$$libshutdown$$00000004)
    __rt_lib_shutdown_user_alloc_1           0x000002e3   Thumb Code     0  libshutdown2.o(.ARM.Collect$$libshutdown$$0000000C)
    __rt_entry                               0x000002e5   Thumb Code     0  __rtentry.o(.ARM.Collect$$rtentry$$00000000)
    __rt_entry_presh_1                       0x000002e5   Thumb Code     0  __rtentry2.o(.ARM.Collect$$rtentry$$00000002)
    __rt_entry_sh                            0x000002e5   Thumb Code     0  __rtentry4.o(.ARM.Collect$$rtentry$$00000004)
    __rt_entry_li                            0x000002eb   Thumb Code     0  __rtentry2.o(.ARM.Collect$$rtentry$$0000000A)
    __rt_entry_postsh_1                      0x000002eb   Thumb Code     0  __rtentry2.o(.ARM.Collect$$rtentry$$00000009)
    __rt_entry_main                          0x000002ef   Thumb Code     0  __rtentry2.o(.ARM.Collect$$rtentry$$0000000D)
    __rt_entry_postli_1                      0x000002ef   Thumb Code     0  __rtentry2.o(.ARM.Collect$$rtentry$$0000000C)
    __rt_exit                                0x000002f7   Thumb Code     0  rtexit.o(.ARM.Collect$$rtexit$$00000000)
    __rt_exit_ls                             0x000002f9   Thumb Code     0  rtexit2.o(.ARM.Collect$$rtexit$$00000003)
    __rt_exit_prels_1                        0x000002f9   Thumb Code     0  rtexit2.o(.ARM.Collect$$rtexit$$00000002)
    __rt_exit_exit                           0x000002fd   Thumb Code     0  rtexit2.o(.ARM.Collect$$rtexit$$00000004)
    DisableInterrupts                        0x00000305   Thumb Code     0  startup.o(.text)
    EnableInterrupts                         0x00000309   Thumb Code     0  startup.o(.text)
    StartCritical                            0x0000030d   Thumb Code     0  startup.o(.text)
    EndCritical                              0x00000315   Thumb Code     0  startup.o(.text)
    WaitForInterrupt                         0x0000031b   Thumb Code     0  startup.o(.text)
    __user_initial_stackheap                 0x0000031f   Thumb Code     0  startup.o(.text)
    __use_two_region_memory                  0x00000335   Thumb Code     2  heapauxi.o(.text)
    __rt_heap_escrow$2region                 0x00000337   Thumb Code     2  heapauxi.o(.text)
    __rt_heap_expand$2region                 0x00000339   Thumb Code     2  heapauxi.o(.text)
    __user_setup_stackheap                   0x0000033b   Thumb Code    74  sys_stackheap_outer.o(.text)
    exit                                     0x00000385   Thumb Code    18  exit.o(.text)
    __user_libspace                          0x00000399   Thumb Code     8  libspace.o(.text)
    __user_perproc_libspace                  0x00000399   Thumb Code     0  libspace.o(.text)
    __user_perthread_libspace                0x00000399   Thumb Code     0  libspace.o(.text)
    _sys_exit                                0x000003a1   Thumb Code     8  sys_exit.o(.text)
    __I$use$semihosting                      0x000003ad   Thumb Code     0  use_no_semi.o(.text)
    __use_no_semihosting_swi                 0x000003ad   Thumb Code     2  use_no_semi.o(.text)
    __semihosting_library_function           0x000003af   Thumb Code     0  indicate_semi.o(.text)
    GPIOPortF_Handler                        0x000003b1   Thumb Code    94  motorsmain.o(.text.GPIOPortF_Handler)
    PLL_Init                                 0x00000411   Thumb Code   132  pll.o(.text.PLL_Init)
    ReadSensorsFIRFilter                     0x00000495   Thumb Code    78  sensors.o(.text.ReadSensorsFIRFilter)
    SPI_receive                              0x000004e5   Thumb Code    44  spi.o(.text.SPI_receive)
    SPI_slave_init                           0x00000511   Thumb Code   224  spi.o(.text.SPI_slave_init)
    SPI_transmit_word                        0x000005f1   Thumb Code    46  spi.o(.text.SPI_transmit_word)
    Sensors_In                               0x00000621   Thumb Code    84  sensors.o(.text.Sensors_In)
    Sensors_Init                             0x00000675   Thumb Code   254  sensors.o(.text.Sensors_Init)
    convert_to_centimeter                    0x00000775   Thumb Code   322  sensors.o(.text.convert_to_centimeter)
    encode_distance                          0x000008b9   Thumb Code    26  sensors.o(.text.encode_distance)
    led_init                                 0x000008d5   Thumb Code   208  led.o(.text.led_init)
    left_motor_init                          0x000009a5   Thumb Code   208  motorsetup.o(.text.left_motor_init)
    main                                     0x00000a75   Thumb Code   284  motorsmain.o(.text.main)
    motor_direction_init                     0x00000b91   Thumb Code   140  motorsetup.o(.text.motor_direction_init)
    motors_init                              0x00000c1d   Thumb Code    16  motorsetup.o(.text.motors_init)
    move_backward                            0x00000c2d   Thumb Code    50  motorcontrol.o(.text.move_backward)
    move_forward                             0x00000c61   Thumb Code    50  motorcontrol.o(.text.move_forward)
    pivot_left                               0x00000c95   Thumb Code    50  motorcontrol.o(.text.pivot_left)
    pivot_right                              0x00000cc9   Thumb Code    50  motorcontrol.o(.text.pivot_right)
    pwm_duty                                 0x00000cfd   Thumb Code    38  motorsetup.o(.text.pwm_duty)
    right_motor_init                         0x00000d25   Thumb Code   234  motorsetup.o(.text.right_motor_init)
    stop_motors                              0x00000e11   Thumb Code    38  motorcontrol.o(.text.stop_motors)
    switch_init                              0x00000e39   Thumb Code   300  switches.o(.text.switch_init)
    system_init                              0x00000f65   Thumb Code    28  motorsmain.o(.text.system_init)
    turn_left                                0x00000f81   Thumb Code    50  motorcontrol.o(.text.turn_left)
    turn_right                               0x00000fb5   Thumb Code    50  motorcontrol.o(.text.turn_right)
    __aeabi_fadd                             0x00000fe9   Thumb Code     0  faddsub_clz.o(x$fpl$fadd)
    _fadd                                    0x00000fe9   Thumb Code   196  faddsub_clz.o(x$fpl$fadd)
    __aeabi_fdiv                             0x000010ad   Thumb Code     0  fdiv.o(x$fpl$fdiv)
    _fdiv                                    0x000010ad   Thumb Code   384  fdiv.o(x$fpl$fdiv)
    __aeabi_f2iz                             0x00001231   Thumb Code     0  ffix.o(x$fpl$ffix)
    _ffix                                    0x00001231   Thumb Code    54  ffix.o(x$fpl$ffix)
    __aeabi_i2f                              0x00001269   Thumb Code     0  fflt_clz.o(x$fpl$fflt)
    _fflt                                    0x00001269   Thumb Code    48  fflt_clz.o(x$fpl$fflt)
    __aeabi_fmul                             0x00001299   Thumb Code     0  fmul.o(x$fpl$fmul)
    _fmul                                    0x00001299   Thumb Code   258  fmul.o(x$fpl$fmul)
    __fpl_fnaninf                            0x0000139b   Thumb Code   140  fnaninf.o(x$fpl$fnaninf)
    __fpl_fretinf                            0x00001427   Thumb Code    10  fretinf.o(x$fpl$fretinf)
    __aeabi_fsub                             0x00001431   Thumb Code     0  faddsub_clz.o(x$fpl$fsub)
    _fsub                                    0x00001431   Thumb Code   234  faddsub_clz.o(x$fpl$fsub)
    __I$use$fp                               0x0000151a   Number         0  usenofp.o(x$fpl$usenofp)
    distances                                0x0000151a   Data          72  sensors.o(.rodata.distances)
    Region$$Table$$Base                      0x00001564   Number         0  anon$$obj.o(Region$$Table)
    Region$$Table$$Limit                     0x00001574   Number         0  anon$$obj.o(Region$$Table)
    __libspace_start                         0x20000000   Data          96  libspace.o(.bss)
    __temporary_stack_top$libspace           0x20000060   Data           0  libspace.o(.bss)
    receivedData                             0x20000064   Data           2  motorsmain.o(.bss.receivedData)



==============================================================================

Memory Map of the image

  Image Entry point : 0x0000026d

  Load Region LR_1 (Base: 0x00000000, Size: 0x00001574, Max: 0xffffffff, ABSOLUTE)

    Execution Region ER_RO (Exec base: 0x00000000, Load base: 0x00000000, Size: 0x00001574, Max: 0xffffffff, ABSOLUTE)

    Exec Addr    Load Addr    Size         Type   Attr      Idx    E Section Name        Object

    0x00000000   0x00000000   0x00000284   Code   RO           88  * RESET               startup.o
    0x00000284   0x00000284   0x00000008   Code   RO          129  * !!!main             c_w.l(__main.o)
    0x0000028c   0x0000028c   0x00000034   Code   RO          321    !!!scatter          c_w.l(__scatter.o)
    0x000002c0   0x000002c0   0x0000001c   Code   RO          323    !!handler_zi        c_w.l(__scatter_zi.o)
    0x000002dc   0x000002dc   0x00000002   Code   RO          183    .ARM.Collect$$libinit$$00000000  c_w.l(libinit.o)
    0x000002de   0x000002de   0x00000000   Code   RO          190    .ARM.Collect$$libinit$$00000002  c_w.l(libinit2.o)
    0x000002de   0x000002de   0x00000000   Code   RO          192    .ARM.Collect$$libinit$$00000004  c_w.l(libinit2.o)
    0x000002de   0x000002de   0x00000000   Code   RO          194    .ARM.Collect$$libinit$$00000006  c_w.l(libinit2.o)
    0x000002de   0x000002de   0x00000000   Code   RO          197    .ARM.Collect$$libinit$$0000000C  c_w.l(libinit2.o)
    0x000002de   0x000002de   0x00000000   Code   RO          199    .ARM.Collect$$libinit$$0000000E  c_w.l(libinit2.o)
    0x000002de   0x000002de   0x00000000   Code   RO          201    .ARM.Collect$$libinit$$00000010  c_w.l(libinit2.o)
    0x000002de   0x000002de   0x00000000   Code   RO          204    .ARM.Collect$$libinit$$00000013  c_w.l(libinit2.o)
    0x000002de   0x000002de   0x00000000   Code   RO          206    .ARM.Collect$$libinit$$00000015  c_w.l(libinit2.o)
    0x000002de   0x000002de   0x00000000   Code   RO          208    .ARM.Collect$$libinit$$00000017  c_w.l(libinit2.o)
    0x000002de   0x000002de   0x00000000   Code   RO          210    .ARM.Collect$$libinit$$00000019  c_w.l(libinit2.o)
    0x000002de   0x000002de   0x00000000   Code   RO          212    .ARM.Collect$$libinit$$0000001B  c_w.l(libinit2.o)
    0x000002de   0x000002de   0x00000000   Code   RO          214    .ARM.Collect$$libinit$$0000001D  c_w.l(libinit2.o)
    0x000002de   0x000002de   0x00000000   Code   RO          216    .ARM.Collect$$libinit$$0000001F  c_w.l(libinit2.o)
    0x000002de   0x000002de   0x00000000   Code   RO          218    .ARM.Collect$$libinit$$00000021  c_w.l(libinit2.o)
    0x000002de   0x000002de   0x00000000   Code   RO          220    .ARM.Collect$$libinit$$00000023  c_w.l(libinit2.o)
    0x000002de   0x000002de   0x00000000   Code   RO          222    .ARM.Collect$$libinit$$00000025  c_w.l(libinit2.o)
    0x000002de   0x000002de   0x00000000   Code   RO          224    .ARM.Collect$$libinit$$00000027  c_w.l(libinit2.o)
    0x000002de   0x000002de   0x00000000   Code   RO          228    .ARM.Collect$$libinit$$0000002E  c_w.l(libinit2.o)
    0x000002de   0x000002de   0x00000000   Code   RO          230    .ARM.Collect$$libinit$$00000030  c_w.l(libinit2.o)
    0x000002de   0x000002de   0x00000000   Code   RO          232    .ARM.Collect$$libinit$$00000032  c_w.l(libinit2.o)
    0x000002de   0x000002de   0x00000000   Code   RO          234    .ARM.Collect$$libinit$$00000034  c_w.l(libinit2.o)
    0x000002de   0x000002de   0x00000002   Code   RO          235    .ARM.Collect$$libinit$$00000035  c_w.l(libinit2.o)
    0x000002e0   0x000002e0   0x00000002   Code   RO          257    .ARM.Collect$$libshutdown$$00000000  c_w.l(libshutdown.o)
    0x000002e2   0x000002e2   0x00000000   Code   RO          272    .ARM.Collect$$libshutdown$$00000002  c_w.l(libshutdown2.o)
    0x000002e2   0x000002e2   0x00000000   Code   RO          274    .ARM.Collect$$libshutdown$$00000004  c_w.l(libshutdown2.o)
    0x000002e2   0x000002e2   0x00000000   Code   RO          277    .ARM.Collect$$libshutdown$$00000007  c_w.l(libshutdown2.o)
    0x000002e2   0x000002e2   0x00000000   Code   RO          280    .ARM.Collect$$libshutdown$$0000000A  c_w.l(libshutdown2.o)
    0x000002e2   0x000002e2   0x00000000   Code   RO          282    .ARM.Collect$$libshutdown$$0000000C  c_w.l(libshutdown2.o)
    0x000002e2   0x000002e2   0x00000000   Code   RO          285    .ARM.Collect$$libshutdown$$0000000F  c_w.l(libshutdown2.o)
    0x000002e2   0x000002e2   0x00000002   Code   RO          286    .ARM.Collect$$libshutdown$$00000010  c_w.l(libshutdown2.o)
    0x000002e4   0x000002e4   0x00000000   Code   RO          153    .ARM.Collect$$rtentry$$00000000  c_w.l(__rtentry.o)
    0x000002e4   0x000002e4   0x00000000   Code   RO          160    .ARM.Collect$$rtentry$$00000002  c_w.l(__rtentry2.o)
    0x000002e4   0x000002e4   0x00000006   Code   RO          172    .ARM.Collect$$rtentry$$00000004  c_w.l(__rtentry4.o)
    0x000002ea   0x000002ea   0x00000000   Code   RO          162    .ARM.Collect$$rtentry$$00000009  c_w.l(__rtentry2.o)
    0x000002ea   0x000002ea   0x00000004   Code   RO          163    .ARM.Collect$$rtentry$$0000000A  c_w.l(__rtentry2.o)
    0x000002ee   0x000002ee   0x00000000   Code   RO          165    .ARM.Collect$$rtentry$$0000000C  c_w.l(__rtentry2.o)
    0x000002ee   0x000002ee   0x00000008   Code   RO          166    .ARM.Collect$$rtentry$$0000000D  c_w.l(__rtentry2.o)
    0x000002f6   0x000002f6   0x00000002   Code   RO          187    .ARM.Collect$$rtexit$$00000000  c_w.l(rtexit.o)
    0x000002f8   0x000002f8   0x00000000   Code   RO          237    .ARM.Collect$$rtexit$$00000002  c_w.l(rtexit2.o)
    0x000002f8   0x000002f8   0x00000004   Code   RO          238    .ARM.Collect$$rtexit$$00000003  c_w.l(rtexit2.o)
    0x000002fc   0x000002fc   0x00000006   Code   RO          239    .ARM.Collect$$rtexit$$00000004  c_w.l(rtexit2.o)
    0x00000302   0x00000302   0x00000002   PAD
    0x00000304   0x00000304   0x00000030   Code   RO           89    .text               startup.o
    0x00000334   0x00000334   0x00000006   Code   RO          127    .text               c_w.l(heapauxi.o)
    0x0000033a   0x0000033a   0x0000004a   Code   RO          174    .text               c_w.l(sys_stackheap_outer.o)
    0x00000384   0x00000384   0x00000012   Code   RO          176    .text               c_w.l(exit.o)
    0x00000396   0x00000396   0x00000002   PAD
    0x00000398   0x00000398   0x00000008   Code   RO          184    .text               c_w.l(libspace.o)
    0x000003a0   0x000003a0   0x0000000c   Code   RO          247    .text               c_w.l(sys_exit.o)
    0x000003ac   0x000003ac   0x00000002   Code   RO          262    .text               c_w.l(use_no_semi.o)
    0x000003ae   0x000003ae   0x00000000   Code   RO          264    .text               c_w.l(indicate_semi.o)
    0x000003ae   0x000003ae   0x00000002   PAD
    0x000003b0   0x000003b0   0x0000005e   Code   RO           55    .text.GPIOPortF_Handler  motorsmain.o
    0x0000040e   0x0000040e   0x00000002   PAD
    0x00000410   0x00000410   0x00000084   Code   RO           66    .text.PLL_Init      pll.o
    0x00000494   0x00000494   0x0000004e   Code   RO          112    .text.ReadSensorsFIRFilter  sensors.o
    0x000004e2   0x000004e2   0x00000002   PAD
    0x000004e4   0x000004e4   0x0000002c   Code   RO           76    .text.SPI_receive   spi.o
    0x00000510   0x00000510   0x000000e0   Code   RO           74    .text.SPI_slave_init  spi.o
    0x000005f0   0x000005f0   0x0000002e   Code   RO           78    .text.SPI_transmit_word  spi.o
    0x0000061e   0x0000061e   0x00000002   PAD
    0x00000620   0x00000620   0x00000054   Code   RO          110    .text.Sensors_In    sensors.o
    0x00000674   0x00000674   0x000000fe   Code   RO          108    .text.Sensors_Init  sensors.o
    0x00000772   0x00000772   0x00000002   PAD
    0x00000774   0x00000774   0x00000142   Code   RO          106    .text.convert_to_centimeter  sensors.o
    0x000008b6   0x000008b6   0x00000002   PAD
    0x000008b8   0x000008b8   0x0000001a   Code   RO          114    .text.encode_distance  sensors.o
    0x000008d2   0x000008d2   0x00000002   PAD
    0x000008d4   0x000008d4   0x000000d0   Code   RO            2    .text.led_init      led.o
    0x000009a4   0x000009a4   0x000000d0   Code   RO           35    .text.left_motor_init  motorsetup.o
    0x00000a74   0x00000a74   0x0000011c   Code   RO           51    .text.main          motorsmain.o
    0x00000b90   0x00000b90   0x0000008c   Code   RO           37    .text.motor_direction_init  motorsetup.o
    0x00000c1c   0x00000c1c   0x00000010   Code   RO           31    .text.motors_init   motorsetup.o
    0x00000c2c   0x00000c2c   0x00000032   Code   RO           12    .text.move_backward  motorcontrol.o
    0x00000c5e   0x00000c5e   0x00000002   PAD
    0x00000c60   0x00000c60   0x00000032   Code   RO           10    .text.move_forward  motorcontrol.o
    0x00000c92   0x00000c92   0x00000002   PAD
    0x00000c94   0x00000c94   0x00000032   Code   RO           14    .text.pivot_left    motorcontrol.o
    0x00000cc6   0x00000cc6   0x00000002   PAD
    0x00000cc8   0x00000cc8   0x00000032   Code   RO           16    .text.pivot_right   motorcontrol.o
    0x00000cfa   0x00000cfa   0x00000002   PAD
    0x00000cfc   0x00000cfc   0x00000026   Code   RO           39    .text.pwm_duty      motorsetup.o
    0x00000d22   0x00000d22   0x00000002   PAD
    0x00000d24   0x00000d24   0x000000ea   Code   RO           33    .text.right_motor_init  motorsetup.o
    0x00000e0e   0x00000e0e   0x00000002   PAD
    0x00000e10   0x00000e10   0x00000026   Code   RO           22    .text.stop_motors   motorcontrol.o
    0x00000e36   0x00000e36   0x00000002   PAD
    0x00000e38   0x00000e38   0x0000012c   Code   RO           98    .text.switch_init   switches.o
    0x00000f64   0x00000f64   0x0000001c   Code   RO           53    .text.system_init   motorsmain.o
    0x00000f80   0x00000f80   0x00000032   Code   RO           18    .text.turn_left     motorcontrol.o
    0x00000fb2   0x00000fb2   0x00000002   PAD
    0x00000fb4   0x00000fb4   0x00000032   Code   RO           20    .text.turn_right    motorcontrol.o
    0x00000fe6   0x00000fe6   0x00000002   PAD
    0x00000fe8   0x00000fe8   0x000000c4   Code   RO          131    x$fpl$fadd          fz_ws.l(faddsub_clz.o)
    0x000010ac   0x000010ac   0x00000184   Code   RO          138    x$fpl$fdiv          fz_ws.l(fdiv.o)
    0x00001230   0x00001230   0x00000036   Code   RO          141    x$fpl$ffix          fz_ws.l(ffix.o)
    0x00001266   0x00001266   0x00000002   PAD
    0x00001268   0x00001268   0x00000030   Code   RO          146    x$fpl$fflt          fz_ws.l(fflt_clz.o)
    0x00001298   0x00001298   0x00000102   Code   RO          151    x$fpl$fmul          fz_ws.l(fmul.o)
    0x0000139a   0x0000139a   0x0000008c   Code   RO          154    x$fpl$fnaninf       fz_ws.l(fnaninf.o)
    0x00001426   0x00001426   0x0000000a   Code   RO          156    x$fpl$fretinf       fz_ws.l(fretinf.o)
    0x00001430   0x00001430   0x000000ea   Code   RO          133    x$fpl$fsub          fz_ws.l(faddsub_clz.o)
    0x0000151a   0x0000151a   0x00000000   Code   RO          158    x$fpl$usenofp       fz_ws.l(usenofp.o)
    0x0000151a   0x0000151a   0x00000048   Data   RO          116    .rodata.distances   sensors.o
    0x00001562   0x00001562   0x00000002   PAD
    0x00001564   0x00001564   0x00000010   Data   RO          320    Region$$Table       anon$$obj.o


    Execution Region ER_RW (Exec base: 0x20000000, Load base: 0x00001574, Size: 0x00000000, Max: 0xffffffff, ABSOLUTE)

    **** No section assigned to this execution region ****


    Execution Region ER_ZI (Exec base: 0x20000000, Load base: 0x00001574, Size: 0x00000468, Max: 0xffffffff, ABSOLUTE)

    Exec Addr    Load Addr    Size         Type   Attr      Idx    E Section Name        Object

    0x20000000        -       0x00000060   Zero   RW          185    .bss                c_w.l(libspace.o)
    0x20000060        -       0x00000002   Zero   RW          117    .bss.ReadSensorsFIRFilter.ain2previous  sensors.o
    0x20000062        -       0x00000002   Zero   RW          118    .bss.ReadSensorsFIRFilter.ain9previous  sensors.o
    0x20000064        -       0x00000002   Zero   RW           57    .bss.receivedData   motorsmain.o
    0x20000066   0x00001574   0x00000002   PAD
    0x20000068        -       0x00000000   Zero   RW           87    HEAP                startup.o
    0x20000068        -       0x00000400   Zero   RW           86    STACK               startup.o


==============================================================================

Image component sizes


      Code (inc. data)   RO Data    RW Data    ZI Data      Debug   Object Name

       208          0          0          0          0        460   led.o
       338          0          0          0          0        926   motorcontrol.o
       636          0          0          0          0       1282   motorsetup.o
       406         24          0          0          2       1274   motorsmain.o
       132          0          0          0          0        446   pll.o
       764          0         72          0          4       2060   sensors.o
       314          0          0          0          0        929   spi.o
       692        632          0          0       1024        988   startup.o
       300          0          0          0          0        484   switches.o

    ----------------------------------------------------------------------
      3820        656         90          0       1032       8849   Object Totals
         0          0         16          0          0          0   (incl. Generated)
        30          0          2          0          2          0   (incl. Padding)

    ----------------------------------------------------------------------

      Code (inc. data)   RO Data    RW Data    ZI Data      Debug   Library Member Name

         8          0          0          0          0         68   __main.o
         0          0          0          0          0          0   __rtentry.o
        12          0          0          0          0          0   __rtentry2.o
         6          0          0          0          0          0   __rtentry4.o
        52          8          0          0          0          0   __scatter.o
        28          0          0          0          0          0   __scatter_zi.o
        18          0          0          0          0         80   exit.o
         6          0          0          0          0        152   heapauxi.o
         0          0          0          0          0          0   indicate_semi.o
         2          0          0          0          0          0   libinit.o
         2          0          0          0          0          0   libinit2.o
         2          0          0          0          0          0   libshutdown.o
         2          0          0          0          0          0   libshutdown2.o
         8          4          0          0         96         68   libspace.o
         2          0          0          0          0          0   rtexit.o
        10          0          0          0          0          0   rtexit2.o
        12          4          0          0          0         68   sys_exit.o
        74          0          0          0          0         80   sys_stackheap_outer.o
         2          0          0          0          0         68   use_no_semi.o
       430          8          0          0          0        168   faddsub_clz.o
       388         76          0          0          0         96   fdiv.o
        54          4          0          0          0         84   ffix.o
        48          0          0          0          0         68   fflt_clz.o
       258          4          0          0          0         84   fmul.o
       140          4          0          0          0         84   fnaninf.o
        10          0          0          0          0         68   fretinf.o
         0          0          0          0          0          0   usenofp.o

    ----------------------------------------------------------------------
      1582        112          0          0         96       1236   Library Totals
         8          0          0          0          0          0   (incl. Padding)

    ----------------------------------------------------------------------

      Code (inc. data)   RO Data    RW Data    ZI Data      Debug   Library Name

       246         16          0          0         96        584   c_w.l
      1328         96          0          0          0        652   fz_ws.l

    ----------------------------------------------------------------------
      1582        112          0          0         96       1236   Library Totals

    ----------------------------------------------------------------------

==============================================================================


      Code (inc. data)   RO Data    RW Data    ZI Data      Debug   

      5402        768         90          0       1128       9353   Grand Totals
      5402        768         90          0       1128       9353   ELF Image Totals
      5402        768         90          0          0          0   ROM Totals

==============================================================================

    Total RO  Size (Code + RO Data)                 5492 (   5.36kB)
    Total RW  Size (RW Data + ZI Data)              1128 (   1.10kB)
    Total ROM Size (Code + RO Data + RW Data)       5492 (   5.36kB)

==============================================================================

